 * Serving Flask app 'app'
 * Debug mode: on
[31m[1mWARNING: This is a development server. Do not use it in a production deployment. Use a production WSGI server instead.[0m
 * Running on all addresses (0.0.0.0)
 * Running on http://127.0.0.1:5001
 * Running on http://172.30.20.242:5001
[33mPress CTRL+C to quit[0m
 * Restarting with stat
 * Debugger is active!
 * Debugger PIN: 138-023-318
127.0.0.1 - - [11/Feb/2026 09:20:07] "GET /health HTTP/1.1" 200 -
[2026-02-11 09:32:19,440] ERROR in errors: Not Found: 404 Not Found: The requested URL was not found on the server. If you entered the URL manually please check your spelling and try again.
127.0.0.1 - - [11/Feb/2026 09:32:19] "[33mGET / HTTP/1.1[0m" 404 -
[2026-02-11 09:32:19,516] ERROR in errors: Not Found: 404 Not Found: The requested URL was not found on the server. If you entered the URL manually please check your spelling and try again.
127.0.0.1 - - [11/Feb/2026 09:32:19] "[33mGET /favicon.ico HTTP/1.1[0m" 404 -
[2026-02-11 09:32:19,517] ERROR in errors: Not Found: 404 Not Found: The requested URL was not found on the server. If you entered the URL manually please check your spelling and try again.
127.0.0.1 - - [11/Feb/2026 09:32:19] "[33mGET /apple-touch-icon-precomposed.png HTTP/1.1[0m" 404 -
[2026-02-11 09:32:19,686] ERROR in errors: Not Found: 404 Not Found: The requested URL was not found on the server. If you entered the URL manually please check your spelling and try again.
127.0.0.1 - - [11/Feb/2026 09:32:19] "[33mGET /apple-touch-icon.png HTTP/1.1[0m" 404 -
[2026-02-11 09:32:19,774] ERROR in errors: Not Found: 404 Not Found: The requested URL was not found on the server. If you entered the URL manually please check your spelling and try again.
127.0.0.1 - - [11/Feb/2026 09:32:19] "[33mGET /favicon.ico HTTP/1.1[0m" 404 -
 * Detected change in '/Users/jeffthanduru/projects/smartmovebackend/app/services/auth_service.py', reloading
 * Restarting with stat
 * Debugger is active!
 * Debugger PIN: 138-023-318
 * Detected change in '/Users/jeffthanduru/projects/smartmovebackend/app/__init__.py', reloading
 * Restarting with stat
 * Debugger is active!
 * Debugger PIN: 138-023-318
 * Detected change in '/Users/jeffthanduru/projects/smartmovebackend/app/models/user.py', reloading
 * Restarting with stat
 * Debugger is active!
 * Debugger PIN: 138-023-318
 * Detected change in '/Users/jeffthanduru/projects/smartmovebackend/app/models/address.py', reloading
 * Restarting with stat
 * Debugger is active!
 * Debugger PIN: 138-023-318
 * Detected change in '/Users/jeffthanduru/projects/smartmovebackend/app/models/booking.py', reloading
 * Restarting with stat
 * Debugger is active!
 * Debugger PIN: 138-023-318
 * Detected change in '/Users/jeffthanduru/projects/smartmovebackend/app/models/chat.py', reloading
 * Restarting with stat
 * Debugger is active!
 * Debugger PIN: 138-023-318
 * Detected change in '/Users/jeffthanduru/projects/smartmovebackend/app/models/mover.py', reloading
 * Restarting with stat
 * Debugger is active!
 * Debugger PIN: 138-023-318
 * Detected change in '/Users/jeffthanduru/projects/smartmovebackend/app/models/notification.py', reloading
 * Restarting with stat
 * Debugger is active!
 * Debugger PIN: 138-023-318
 * Detected change in '/Users/jeffthanduru/projects/smartmovebackend/app/models/quote.py', reloading
 * Restarting with stat
 * Debugger is active!
 * Debugger PIN: 138-023-318
 * Detected change in '/Users/jeffthanduru/projects/smartmovebackend/app/models/review.py', reloading
 * Restarting with stat
 * Debugger is active!
 * Debugger PIN: 138-023-318
 * Detected change in '/Users/jeffthanduru/projects/smartmovebackend/app/routes/auth.py', reloading
 * Restarting with stat
 * Debugger is active!
 * Debugger PIN: 138-023-318
 * Detected change in '/Users/jeffthanduru/projects/smartmovebackend/app/utils/decorators.py', reloading
 * Restarting with stat
 * Debugger is active!
 * Debugger PIN: 138-023-318
 * Detected change in '/Users/jeffthanduru/projects/smartmovebackend/app/utils/decorators.py', reloading
 * Restarting with stat
 * Debugger is active!
 * Debugger PIN: 138-023-318
 * Detected change in '/Users/jeffthanduru/projects/smartmovebackend/app/services/auth_service.py', reloading
 * Restarting with stat
 * Debugger is active!
 * Debugger PIN: 138-023-318
 * Detected change in '/Users/jeffthanduru/projects/smartmovebackend/app/utils/decorators.py', reloading
 * Restarting with stat
 * Debugger is active!
 * Debugger PIN: 138-023-318
 * Detected change in '/Users/jeffthanduru/projects/smartmovebackend/app/__init__.py', reloading
 * Restarting with stat
 * Debugger is active!
 * Debugger PIN: 138-023-318
 * Detected change in '/Users/jeffthanduru/projects/smartmovebackend/app/services/auth_service.py', reloading
 * Restarting with stat
 * Debugger is active!
 * Debugger PIN: 138-023-318
 * Detected change in '/Users/jeffthanduru/projects/smartmovebackend/app/utils/decorators.py', reloading
 * Restarting with stat
 * Debugger is active!
 * Debugger PIN: 138-023-318
 * Detected change in '/Users/jeffthanduru/projects/smartmovebackend/app/services/auth_service.py', reloading
 * Restarting with stat
 * Debugger is active!
 * Debugger PIN: 138-023-318
 * Detected change in '/Users/jeffthanduru/projects/smartmovebackend/app/utils/decorators.py', reloading
 * Restarting with stat
 * Debugger is active!
 * Debugger PIN: 138-023-318
 * Detected change in '/Users/jeffthanduru/projects/smartmovebackend/app/services/auth_service.py', reloading
 * Restarting with stat
 * Debugger is active!
 * Debugger PIN: 138-023-318
 * Detected change in '/Users/jeffthanduru/projects/smartmovebackend/tests/test_payments.py', reloading
 * Restarting with stat
 * Debugger is active!
 * Debugger PIN: 138-023-318
 * Detected change in '/Users/jeffthanduru/projects/smartmovebackend/tests/test_services/test_auth_service.py', reloading
 * Restarting with stat
 * Debugger is active!
 * Debugger PIN: 138-023-318
 * Detected change in '/Users/jeffthanduru/projects/smartmovebackend/tests/test_payments.py', reloading
 * Restarting with stat
 * Debugger is active!
 * Debugger PIN: 138-023-318
 * Detected change in '/Users/jeffthanduru/projects/smartmovebackend/tests/test_services/test_auth_service.py', reloading
 * Restarting with stat
 * Debugger is active!
 * Debugger PIN: 138-023-318
 * Detected change in '/Users/jeffthanduru/projects/smartmovebackend/tests/conftest.py', reloading
 * Restarting with stat
 * Debugger is active!
 * Debugger PIN: 138-023-318
 * Detected change in '/Users/jeffthanduru/projects/smartmovebackend/tests/test_services/test_auth_service.py', reloading
 * Restarting with stat
 * Debugger is active!
 * Debugger PIN: 138-023-318
 * Detected change in '/Users/jeffthanduru/projects/smartmovebackend/tests/conftest.py', reloading
 * Restarting with stat
 * Debugger is active!
 * Debugger PIN: 138-023-318
 * Detected change in '/Users/jeffthanduru/projects/smartmovebackend/tests/test_services/test_auth_service.py', reloading
 * Restarting with stat
 * Debugger is active!
 * Debugger PIN: 138-023-318
 * Detected change in '/Users/jeffthanduru/projects/smartmovebackend/tests/conftest.py', reloading
 * Restarting with stat
 * Debugger is active!
 * Debugger PIN: 138-023-318
 * Detected change in '/Users/jeffthanduru/projects/smartmovebackend/tests/test_payments.py', reloading
 * Restarting with stat
 * Debugger is active!
 * Debugger PIN: 138-023-318
 * Detected change in '/Users/jeffthanduru/projects/smartmovebackend/app/__init__.py', reloading
 * Restarting with stat
Traceback (most recent call last):
  File "/Users/jeffthanduru/projects/smartmovebackend/run.py", line 1, in <module>
    from app import create_app
  File "/Users/jeffthanduru/projects/smartmovebackend/app/__init__.py", line 15, in <module>
    from app.models.chat import Chat
ImportError: cannot import name 'Chat' from 'app.models.chat' (/Users/jeffthanduru/projects/smartmovebackend/app/models/chat.py)
